Copyright 1986-2019 Xilinx, Inc. All Rights Reserved.
-------------------------------------------------------------------------------------------
| Tool Version : Vivado v.2019.2 (win64) Build 2708876 Wed Nov  6 21:40:23 MST 2019
| Date         : Fri Apr  3 15:46:40 2026
| Host         : DJ running 64-bit major release  (build 9200)
| Command      : report_control_sets -verbose -file rv32i_pipeline_control_sets_placed.rpt
| Design       : rv32i_pipeline
| Device       : xc7z020
-------------------------------------------------------------------------------------------

Control Set Information

Table of Contents
-----------------
1. Summary
2. Histogram
3. Flip-Flop Distribution
4. Detailed Control Set Information

1. Summary
----------

+----------------------------------------------------------+-------+
|                          Status                          | Count |
+----------------------------------------------------------+-------+
| Total control sets                                       |    38 |
|    Minimum number of control sets                        |    38 |
|    Addition due to synthesis replication                 |     0 |
|    Addition due to physical synthesis replication        |     0 |
| Unused register locations in slices containing registers |    57 |
+----------------------------------------------------------+-------+
* Control sets can be merged at opt_design using control_set_merge or merge_equivalent_drivers
** Run report_qor_suggestions for automated merging and remapping suggestions


2. Histogram
------------

+--------------------+-------+
|       Fanout       | Count |
+--------------------+-------+
| Total control sets |    38 |
| >= 0 to < 4        |     0 |
| >= 4 to < 6        |     3 |
| >= 6 to < 8        |     1 |
| >= 8 to < 10       |     1 |
| >= 10 to < 12      |     4 |
| >= 12 to < 14      |     2 |
| >= 14 to < 16      |     1 |
| >= 16              |    26 |
+--------------------+-------+
* Control sets can be remapped at either synth_design or opt_design


3. Flip-Flop Distribution
-------------------------

+--------------+-----------------------+------------------------+-----------------+--------------+
| Clock Enable | Synchronous Set/Reset | Asynchronous Set/Reset | Total Registers | Total Slices |
+--------------+-----------------------+------------------------+-----------------+--------------+
| No           | No                    | No                     |             307 |           91 |
| No           | No                    | Yes                    |             303 |           95 |
| No           | Yes                   | No                     |               0 |            0 |
| Yes          | No                    | No                     |             717 |          340 |
| Yes          | No                    | Yes                    |              96 |           24 |
| Yes          | Yes                   | No                     |               0 |            0 |
+--------------+-----------------------+------------------------+-----------------+--------------+


4. Detailed Control Set Information
-----------------------------------

+----------------+----------------------------------+------------------+------------------+----------------+
|  Clock Signal  |           Enable Signal          | Set/Reset Signal | Slice Load Count | Bel Load Count |
+----------------+----------------------------------+------------------+------------------+----------------+
|  clk_IBUF_BUFG | RF/regs[21][17]_i_1_n_0          |                  |                2 |              5 |
|  clk_IBUF_BUFG | RF/regs[13][17]_i_1_n_0          |                  |                3 |              5 |
|  clk_IBUF_BUFG | RF/regs[23][17]_i_1_n_0          |                  |                2 |              5 |
|  clk_IBUF_BUFG | RF/regs[3][25]_i_1_n_0           |                  |                4 |              7 |
|  clk_IBUF_BUFG | RF/regs[6][26]_i_1_n_0           |                  |                5 |              9 |
|  clk_IBUF_BUFG | RF/regs[26][30]_i_1_n_0          |                  |                3 |             10 |
|  clk_IBUF_BUFG | RF/regs[5][23]_i_1_n_0           |                  |                6 |             10 |
|  clk_IBUF_BUFG | RF/regs[7][29]_i_1_n_0           |                  |                3 |             10 |
|  clk_IBUF_BUFG | RF/regs[10][30]_i_1_n_0          |                  |                8 |             11 |
|  clk_IBUF_BUFG | RF/regs[15][31]_i_1_n_0          |                  |                6 |             12 |
|  clk_IBUF_BUFG | RF/regs[18][30]_i_1_n_0          |                  |                6 |             13 |
|  clk_IBUF_BUFG | RF/regs[11][30]_i_1_n_0          |                  |                9 |             15 |
|  clk_IBUF_BUFG | RF/regs[9][31]_i_1_n_0           |                  |               18 |             31 |
|  clk_IBUF_BUFG | RF/regs[19][31]_i_1_n_0          |                  |               15 |             31 |
|  clk_IBUF_BUFG | RF/regs[24][31]_i_1_n_0          |                  |               10 |             31 |
|  clk_IBUF_BUFG | RF/regs[14][31]_i_1_n_0          |                  |               22 |             32 |
|  clk_IBUF_BUFG | RF/regs[16][31]_i_1_n_0          |                  |               14 |             32 |
|  clk_IBUF_BUFG | RF/regs[22][31]_i_1_n_0          |                  |               13 |             32 |
|  clk_IBUF_BUFG | RF/regs[20][31]_i_1_n_0          |                  |               13 |             32 |
|  clk_IBUF_BUFG | RF/regs[27][31]_i_1_n_0          |                  |               11 |             32 |
|  clk_IBUF_BUFG | RF/regs[2][31]_i_1_n_0           |                  |               13 |             32 |
|  clk_IBUF_BUFG | DMEM/mem                         |                  |                8 |             32 |
|  clk_IBUF_BUFG | RF/regs[28][31]_i_1_n_0          |                  |               16 |             32 |
|  clk_IBUF_BUFG | RF/regs[30][31]_i_1_n_0          |                  |               15 |             32 |
|  clk_IBUF_BUFG | RF/regs[31][31]_i_1_n_0          |                  |               14 |             32 |
|  clk_IBUF_BUFG | RF/regs[25][31]_i_1_n_0          |                  |               14 |             32 |
|  clk_IBUF_BUFG | DMEM/mem_reg_0_255_8_8_i_1_n_0   |                  |                8 |             32 |
|  clk_IBUF_BUFG | RF/regs[29][31]_i_1_n_0          |                  |               11 |             32 |
|  clk_IBUF_BUFG | PC/p_0_in                        | rst_IBUF         |                8 |             32 |
|  clk_IBUF_BUFG | RF/regs[12][31]_i_1_n_0          |                  |               20 |             32 |
|  clk_IBUF_BUFG | RF/regs[4][31]_i_1_n_0           |                  |               13 |             32 |
|  clk_IBUF_BUFG | RF/regs[8][31]_i_1_n_0           |                  |               14 |             32 |
|  clk_IBUF_BUFG | RF/regs[17][31]_i_1_n_0          |                  |               23 |             32 |
|  clk_IBUF_BUFG | RF/regs[1][31]_i_1_n_0           |                  |               14 |             32 |
|  clk_IBUF_BUFG | DMEM/mem_reg_0_255_16_16_i_1_n_0 |                  |               16 |             64 |
|  clk_IBUF_BUFG | IF_ID_IR[31]_i_1_n_0             | rst_IBUF         |               16 |             64 |
|  clk_IBUF_BUFG |                                  | rst_IBUF         |               95 |            303 |
|  clk_IBUF_BUFG |                                  |                  |               91 |            307 |
+----------------+----------------------------------+------------------+------------------+----------------+


